// Jest Snapshot v1, https://goo.gl/fbAQLP

exports[`GenericBanner renders 1`] = `
.c1 {
  text-align: left;
  background-color: #fff;
  color: #001833;
}

.c5 {
  text-align: left;
  width: 100%;
}

.c8 {
  padding-left: 8px;
  padding-right: 8px;
}

.c4 {
  display: -webkit-box;
  display: -webkit-flex;
  display: -ms-flexbox;
  display: flex;
  -webkit-align-items: flex-start;
  -webkit-box-align: flex-start;
  -ms-flex-align: flex-start;
  align-items: flex-start;
  -webkit-box-pack: justify;
  -webkit-justify-content: space-between;
  -ms-flex-pack: justify;
  justify-content: space-between;
}

.c7 {
  display: -webkit-box;
  display: -webkit-flex;
  display: -ms-flexbox;
  display: flex;
  -webkit-align-items: center;
  -webkit-box-align: center;
  -ms-flex-align: center;
  align-items: center;
  -webkit-box-pack: center;
  -webkit-justify-content: center;
  -ms-flex-pack: center;
  justify-content: center;
}

.c6 {
  font-size: 14px;
}

.c2 {
  background-color: #0a0;
  color: #fff;
}

.c0 {
  position: relative;
}

.c3 {
  border-radius: 6px;
  cursor: cursor;
}

<div
  className="c0"
>
  <div
    className="c1 c2 c3"
    color="text.lightest"
  >
    <div
      className="c4"
    >
      <div
        className="c5"
        width={1}
      >
        <span
          className="c6"
          fontSize={1}
        />
        <div
          className="c7"
        >
          <div
            className="c8"
            fontSize={
              Array [
                0,
                null,
                null,
                1,
              ]
            }
          />
        </div>
      </div>
    </div>
  </div>
</div>
`;
