// Jest Snapshot v1, https://goo.gl/fbAQLP

exports[`InputGroup renders 1`] = `
<DocumentFragment>
  .c1 {
  display: -webkit-box;
  display: -webkit-flex;
  display: -ms-flexbox;
  display: flex;
  -webkit-align-items: center;
  -webkit-box-align: center;
  -ms-flex-align: center;
  align-items: center;
  border-radius: 2px;
  border-width: 1px;
  border-style: solid;
  border-color: #c0cad5;
}

.c1 > .sc-bdfBwQ {
  width: 100%;
  -webkit-flex: 1 1 auto;
  -ms-flex: 1 1 auto;
  flex: 1 1 auto;
}

.c1 input {
  border: 0;
  box-shadow: none;
}

.c0 {
  font-family: 'Montserrat','Helvetica Neue',Helvetica,Arial,sans-serif;
  line-height: 1.4;
  font-weight: 500;
}

.c0 * {
  box-sizing: border-box;
}

<div
    class="c0"
  >
    <div
      class="c1"
    />
  </div>
</DocumentFragment>
`;
