// Jest Snapshot v1, https://goo.gl/fbAQLP

exports[`Popover Trigger Element Renders trigger element and appends action props 1`] = `
.c2 {
  -webkit-font-smoothing: antialiased;
  display: inline-block;
  vertical-align: middle;
  text-align: center;
  -webkit-text-decoration: none;
  text-decoration: none;
  font-family: inherit;
  font-weight: 700;
  line-height: 1.5;
  cursor: pointer;
  border-radius: 2px;
  border-width: 0;
  border-style: solid;
  font-size: 14px;
  padding: 9.5px 18px;
  background-color: #0068EF;
  color: #fff;
}

.c2:hover {
  background-color: #049;
  color: #fff;
}

.c2:focus {
  outline: 0px solid #049;
  box-shadow: 0 0 0 2px #049;
}

.c2:disabled {
  cursor: not-allowed;
  color: #4f6f8f;
  background-color: #edf0f3;
}

.c0 {
  font-family: 'Montserrat','Helvetica Neue',Helvetica,Arial,sans-serif;
  line-height: 1.4;
  font-weight: 500;
}

.c0 * {
  box-sizing: border-box;
}

.c1 {
  display: inline-block;
}

<div
  class="c0"
>
  <div
    class="c1"
  >
    <button
      aria-label="Top Popover"
      class="c2"
      color="primary"
    >
      Trigger Button
    </button>
  </div>
</div>
`;

exports[`Popover Trigger Element renders with FocusLock 1`] = `
<DocumentFragment>
  .c0 {
  font-family: 'Montserrat','Helvetica Neue',Helvetica,Arial,sans-serif;
  line-height: 1.4;
  font-weight: 500;
}

.c0 * {
  box-sizing: border-box;
}

.c1 {
  display: inline-block;
}

<div
    class="c0"
  >
    <div
      class="c1"
    >
      <button
        aria-label="Top Popover"
      >
        Trigger Button
      </button>
    </div>
  </div>
</DocumentFragment>
`;

exports[`Popover UI Positioning Bottom 1`] = `
.c0 {
  width: 400px;
}

.c4 {
  background-color: #fff;
  color: #001833;
}

.c2 {
  font-family: 'Montserrat','Helvetica Neue',Helvetica,Arial,sans-serif;
  line-height: 1.4;
  font-weight: 500;
}

.c2 * {
  box-sizing: border-box;
}

.c6 {
  position: absolute;
}

.c6[data-placement*="right"] {
  left: 0;
}

.c6[data-placement*="left"] {
  right: 0;
}

.c6[data-placement*="top"] {
  bottom: 0;
}

.c6[data-placement*="bottom"] {
  top: 0;
}

.c6[data-placement*="bottom"]::before,
.c6[data-placement*="right"]::before,
.c6[data-placement*="top"]::after,
.c6[data-placement*="left"]::after {
  content: '';
  position: absolute;
  width: 0;
  height: 0;
  margin: auto;
  border-style: solid;
  -webkit-transform-origin: 0 0;
  -ms-transform-origin: 0 0;
  transform-origin: 0 0;
  -webkit-transform: rotate(-45deg);
  -ms-transform: rotate(-45deg);
  transform: rotate(-45deg);
  border-width: 6px;
}

.c6[data-placement*="right"]::before {
  left: 8px;
  border-color: #fff transparent transparent #fff;
  box-shadow: -0.75px -0.75px 0px 0.25px #c0cad5;
}

.c6[data-placement*="left"]::after {
  right: 13px;
  border-color: transparent #fff #fff transparent;
  box-shadow: 0.75px 0.75px 0px 0.25px #c0cad5;
}

.c6[data-placement*="top"]::after {
  top: -16px;
  margin-left: -5px;
  border-color: transparent transparent #fff #fff;
  box-shadow: -0.75px 0.75px 0px 0.25px #c0cad5;
}

.c6[data-placement*="bottom"]::before {
  top: 16px;
  margin-left: -5px;
  border-color: #fff #fff transparent transparent;
  box-shadow: 0.75px -0.75px 0px 0.25px #c0cad5;
}

.c1 {
  padding: 16px;
  z-index: 102;
  max-width: 400px;
  width: 100%;
  box-sizing: border-box;
}

.c3 {
  box-shadow: 0 0 0 1px #c0cad5,0 0 4px 0 rgba(0,0,0,0.08),0 8px 8px 0 rgba(0,0,0,0.08),0 16px 16px 0 rgba(0,0,0,0.08);
  font-size: 12px;
  border-radius: 2px;
  box-sizing: border-box;
  outline: 0;
  max-width: 100%;
}

.c5 {
  border-radius: 2px;
}

<div
  aria-describedby="dialog-description-1"
  class="c0 c1"
  role="dialog"
  style="position: absolute; top: 0px; left: 0px; opacity: 0; pointer-events: none;"
  width="400"
>
  <div
    class="c2"
  >
    <section
      class="c3"
      tabindex="-1"
      width="400"
    >
      <div
        class="c4 c5"
        color="background.lightest"
        data-testid="dialog-content"
        id="popover-description-1"
      >
        <div
          class=""
        >
          <p>
            Hello there!
          </p>
          <button>
            Click me to close button!
          </button>
        </div>
      </div>
    </section>
  </div>
  <span
    aria-hidden="true"
    class="c6"
    color="background.lightest"
    data-placement="top"
    data-testid="popover-arrow"
  >
    <div />
  </span>
</div>
`;

exports[`Popover UI Positioning Bottom End 1`] = `
.c0 {
  width: 400px;
}

.c4 {
  background-color: #fff;
  color: #001833;
}

.c2 {
  font-family: 'Montserrat','Helvetica Neue',Helvetica,Arial,sans-serif;
  line-height: 1.4;
  font-weight: 500;
}

.c2 * {
  box-sizing: border-box;
}

.c6 {
  position: absolute;
}

.c6[data-placement*="right"] {
  left: 0;
}

.c6[data-placement*="left"] {
  right: 0;
}

.c6[data-placement*="top"] {
  bottom: 0;
}

.c6[data-placement*="bottom"] {
  top: 0;
}

.c6[data-placement*="bottom"]::before,
.c6[data-placement*="right"]::before,
.c6[data-placement*="top"]::after,
.c6[data-placement*="left"]::after {
  content: '';
  position: absolute;
  width: 0;
  height: 0;
  margin: auto;
  border-style: solid;
  -webkit-transform-origin: 0 0;
  -ms-transform-origin: 0 0;
  transform-origin: 0 0;
  -webkit-transform: rotate(-45deg);
  -ms-transform: rotate(-45deg);
  transform: rotate(-45deg);
  border-width: 6px;
}

.c6[data-placement*="right"]::before {
  left: 8px;
  border-color: #fff transparent transparent #fff;
  box-shadow: -0.75px -0.75px 0px 0.25px #c0cad5;
}

.c6[data-placement*="left"]::after {
  right: 13px;
  border-color: transparent #fff #fff transparent;
  box-shadow: 0.75px 0.75px 0px 0.25px #c0cad5;
}

.c6[data-placement*="top"]::after {
  top: -16px;
  margin-left: -5px;
  border-color: transparent transparent #fff #fff;
  box-shadow: -0.75px 0.75px 0px 0.25px #c0cad5;
}

.c6[data-placement*="bottom"]::before {
  top: 16px;
  margin-left: -5px;
  border-color: #fff #fff transparent transparent;
  box-shadow: 0.75px -0.75px 0px 0.25px #c0cad5;
}

.c1 {
  padding: 16px;
  z-index: 102;
  max-width: 400px;
  width: 100%;
  box-sizing: border-box;
}

.c3 {
  box-shadow: 0 0 0 1px #c0cad5,0 0 4px 0 rgba(0,0,0,0.08),0 8px 8px 0 rgba(0,0,0,0.08),0 16px 16px 0 rgba(0,0,0,0.08);
  font-size: 12px;
  border-radius: 2px;
  box-sizing: border-box;
  outline: 0;
  max-width: 100%;
}

.c5 {
  border-radius: 2px;
}

<div
  aria-describedby="dialog-description-1"
  class="c0 c1"
  role="dialog"
  style="position: absolute; top: 0px; left: 0px; opacity: 0; pointer-events: none;"
  width="400"
>
  <div
    class="c2"
  >
    <section
      class="c3"
      tabindex="-1"
      width="400"
    >
      <div
        class="c4 c5"
        color="background.lightest"
        data-testid="dialog-content"
        id="popover-description-1"
      >
        <div
          class=""
        >
          <p>
            Hello there!
          </p>
          <button>
            Click me to close button!
          </button>
        </div>
      </div>
    </section>
  </div>
  <span
    aria-hidden="true"
    class="c6"
    color="background.lightest"
    data-placement="top"
    data-testid="popover-arrow"
  >
    <div />
  </span>
</div>
`;

exports[`Popover UI Positioning Bottom Start 1`] = `
.c0 {
  width: 400px;
}

.c4 {
  background-color: #fff;
  color: #001833;
}

.c2 {
  font-family: 'Montserrat','Helvetica Neue',Helvetica,Arial,sans-serif;
  line-height: 1.4;
  font-weight: 500;
}

.c2 * {
  box-sizing: border-box;
}

.c6 {
  position: absolute;
}

.c6[data-placement*="right"] {
  left: 0;
}

.c6[data-placement*="left"] {
  right: 0;
}

.c6[data-placement*="top"] {
  bottom: 0;
}

.c6[data-placement*="bottom"] {
  top: 0;
}

.c6[data-placement*="bottom"]::before,
.c6[data-placement*="right"]::before,
.c6[data-placement*="top"]::after,
.c6[data-placement*="left"]::after {
  content: '';
  position: absolute;
  width: 0;
  height: 0;
  margin: auto;
  border-style: solid;
  -webkit-transform-origin: 0 0;
  -ms-transform-origin: 0 0;
  transform-origin: 0 0;
  -webkit-transform: rotate(-45deg);
  -ms-transform: rotate(-45deg);
  transform: rotate(-45deg);
  border-width: 6px;
}

.c6[data-placement*="right"]::before {
  left: 8px;
  border-color: #fff transparent transparent #fff;
  box-shadow: -0.75px -0.75px 0px 0.25px #c0cad5;
}

.c6[data-placement*="left"]::after {
  right: 13px;
  border-color: transparent #fff #fff transparent;
  box-shadow: 0.75px 0.75px 0px 0.25px #c0cad5;
}

.c6[data-placement*="top"]::after {
  top: -16px;
  margin-left: -5px;
  border-color: transparent transparent #fff #fff;
  box-shadow: -0.75px 0.75px 0px 0.25px #c0cad5;
}

.c6[data-placement*="bottom"]::before {
  top: 16px;
  margin-left: -5px;
  border-color: #fff #fff transparent transparent;
  box-shadow: 0.75px -0.75px 0px 0.25px #c0cad5;
}

.c1 {
  padding: 16px;
  z-index: 102;
  max-width: 400px;
  width: 100%;
  box-sizing: border-box;
}

.c3 {
  box-shadow: 0 0 0 1px #c0cad5,0 0 4px 0 rgba(0,0,0,0.08),0 8px 8px 0 rgba(0,0,0,0.08),0 16px 16px 0 rgba(0,0,0,0.08);
  font-size: 12px;
  border-radius: 2px;
  box-sizing: border-box;
  outline: 0;
  max-width: 100%;
}

.c5 {
  border-radius: 2px;
}

<div
  aria-describedby="dialog-description-1"
  class="c0 c1"
  role="dialog"
  style="position: absolute; top: 0px; left: 0px; opacity: 0; pointer-events: none;"
  width="400"
>
  <div
    class="c2"
  >
    <section
      class="c3"
      tabindex="-1"
      width="400"
    >
      <div
        class="c4 c5"
        color="background.lightest"
        data-testid="dialog-content"
        id="popover-description-1"
      >
        <div
          class=""
        >
          <p>
            Hello there!
          </p>
          <button>
            Click me to close button!
          </button>
        </div>
      </div>
    </section>
  </div>
  <span
    aria-hidden="true"
    class="c6"
    color="background.lightest"
    data-placement="top"
    data-testid="popover-arrow"
  >
    <div />
  </span>
</div>
`;
