// Jest Snapshot v1, https://goo.gl/fbAQLP

exports[`Stepper renders with children 1`] = `
.c0 {
  display: -webkit-box;
  display: -webkit-flex;
  display: -ms-flexbox;
  display: flex;
}

.c6 {
  color: #0068EF;
  font-size: 14px;
}

.c7 {
  color: #0068EF;
  font-weight: 700;
  font-size: 14px;
}

.c8 {
  color: #4f6f8f;
  font-size: 14px;
}

.c4 {
  -webkit-flex: none;
  -ms-flex: none;
  flex: none;
  line-height: 1;
  margin-right: 4px;
  width: 16px;
  color: #0068EF;
}

.c5 {
  outline: none;
}

.c2 {
  -webkit-font-smoothing: antialiased;
  display: inline-block;
  vertical-align: middle;
  text-align: center;
  -webkit-text-decoration: none;
  text-decoration: none;
  font-family: inherit;
  font-weight: 700;
  line-height: 1.5;
  cursor: pointer;
  border-radius: 2px;
  border-width: 0;
  border-style: solid;
  font-size: 14px;
  padding: 9.5px 18px;
  background-color: #0068EF;
  color: #fff;
}

.c2:hover {
  background-color: #049;
  color: #fff;
}

.c2:focus {
  outline: 0px solid #049;
  box-shadow: 0 0 0 2px #049;
}

.c2:disabled {
  cursor: not-allowed;
  color: #4f6f8f;
  background-color: #edf0f3;
}

.c3 {
  display: -webkit-box;
  display: -webkit-flex;
  display: -ms-flexbox;
  display: flex;
  background-color: #fff;
  color: #0068EF;
  cursor: default;
  padding: 0;
  font-weight: unset;
}

.c3:hover {
  background-color: #fff;
}

.c1 >:not(:last-child) {
  margin-right: 32px;
}

<div
  className="c0 c1"
>
  <button
    className="c2 c3"
    color="primary"
    size="medium"
  >
    <svg
      aria-hidden={false}
      aria-label="Step Completed"
      className="c4 c5"
      color="primary"
      fill="currentcolor"
      focusable={false}
      height={16}
      role="img"
      tabIndex={-1}
      viewBox="0 0 24 24"
      width={16}
    >
      <path
        d="M8.6 15.6l-4.2-4.2L3 12.8l5.6 5.6 12-12L19.2 5 8.6 15.6z"
      />
    </svg>
    <div
      aria-selected={false}
      className="c6"
      color="primary"
      fontSize={1}
    >
      First Step
    </div>
  </button>
  <button
    className="c2 c3"
    color="primary"
    size="medium"
  >
    <div
      aria-selected={true}
      className="c7"
      color="primary"
      fontSize={1}
    >
      Second Step
    </div>
  </button>
  <button
    className="c2 c3"
    color="primary"
    size="medium"
  >
    <div
      aria-selected={false}
      className="c8"
      color="text.light"
      fontSize={1}
    >
      Third Step
    </div>
  </button>
</div>
`;

exports[`Stepper renders without crashing 1`] = `
.c0 {
  display: -webkit-box;
  display: -webkit-flex;
  display: -ms-flexbox;
  display: flex;
}

.c1 >:not(:last-child) {
  margin-right: 32px;
}

<div
  className="c0 c1"
/>
`;
