// Jest Snapshot v1, https://goo.gl/fbAQLP

exports[`RatingBadge renders 1`] = `
<DocumentFragment>
  .c1 {
  padding-left: 8px;
  padding-right: 8px;
  background-color: #f68013;
  color: #fff;
}

.c2 {
  display: inline-block;
  line-height: 1.5;
  font-weight: 700;
  border-radius: 2px;
}

.c0 {
  font-family: 'Montserrat','Helvetica Neue',Helvetica,Arial,sans-serif;
  line-height: 1.4;
  font-weight: 500;
}

.c0 * {
  box-sizing: border-box;
}

<div
    class="c0"
  >
    <div
      class="c1 c2"
      color="alert"
      font-weight="bold"
    >
      5
    </div>
  </div>
</DocumentFragment>
`;
