// Jest Snapshot v1, https://goo.gl/fbAQLP

exports[`Modal renders when enable overflow and disable close button 1`] = `
.c0 {
  font-family: 'Montserrat','Helvetica Neue',Helvetica,Arial,sans-serif;
  line-height: 1.4;
  font-weight: 500;
}

.c0 * {
  box-sizing: border-box;
}

@media screen and (min-width:32em) {

}

@media screen and (min-width:40em) {

}

<div
  class="c0"
/>
`;

exports[`Modal renders when open 1`] = `
.c0 {
  font-family: 'Montserrat','Helvetica Neue',Helvetica,Arial,sans-serif;
  line-height: 1.4;
  font-weight: 500;
}

.c0 * {
  box-sizing: border-box;
}

@media screen and (min-width:32em) {

}

@media screen and (min-width:40em) {

}

<div
  class="c0"
/>
`;

exports[`Modal renders with custom animation 1`] = `
.c0 {
  font-family: 'Montserrat','Helvetica Neue',Helvetica,Arial,sans-serif;
  line-height: 1.4;
  font-weight: 500;
}

.c0 * {
  box-sizing: border-box;
}

<div
  class="c0"
/>
`;

exports[`Modal renders with top alignment 1`] = `
<DocumentFragment>
  .c0 {
  font-family: 'Montserrat','Helvetica Neue',Helvetica,Arial,sans-serif;
  line-height: 1.4;
  font-weight: 500;
}

.c0 * {
  box-sizing: border-box;
}

<div
    class="c0"
  />
</DocumentFragment>
`;
