// Jest Snapshot v1, https://goo.gl/fbAQLP

exports[`IconButton renders without props 1`] = `
.c2 {
  -webkit-flex: none;
  -ms-flex: none;
  flex: none;
  line-height: 1;
  width: 24px;
}

.c3 {
  outline: none;
}

.c0 {
  -webkit-font-smoothing: antialiased;
  display: inline-block;
  vertical-align: middle;
  text-align: center;
  -webkit-text-decoration: none;
  text-decoration: none;
  font-family: inherit;
  font-weight: 700;
  line-height: 1.5;
  cursor: pointer;
  border-radius: 2px;
  border-width: 0;
  border-style: solid;
  font-size: 14px;
  padding: 9.5px 18px;
  background-color: #0068EF;
  color: #fff;
}

.c0:hover {
  background-color: #049;
  color: #fff;
}

.c0:focus {
  outline: 0px solid #049;
  box-shadow: 0 0 0 2px #049;
}

.c0:disabled {
  cursor: not-allowed;
  color: #4f6f8f;
  background-color: #edf0f3;
}

.c1 {
  padding: 0;
  background-color: transparent;
  color: inherit;
}

.c1:hover {
  background-color: transparent;
  color: inherit;
}

.c1 > div {
  display: -webkit-box;
  display: -webkit-flex;
  display: -ms-flexbox;
  display: flex;
}

.c1:disabled {
  background-color: transparent;
}

<button
  className="c0 c1"
  color="primary"
  size="medium"
>
  <div>
    <svg
      aria-hidden={true}
      className="c2 c3"
      fill="currentcolor"
      focusable={false}
      height={24}
      role="img"
      tabIndex={-1}
      viewBox="0 0 24 24"
      width={24}
    >
      <path
        d="M12.6 10.1C11.8 8 9.8 6.5 7.5 6.5 4.4 6.5 2 8.9 2 12s2.4 5.5 5.5 5.5c2.4 0 4.4-1.5 5.1-3.6h4v3.6h3.6v-3.7H22v-3.7h-9.4zm-5.1 3.7c-1 0-1.8-.8-1.8-1.8s.8-1.8 1.8-1.8 1.8.8 1.8 1.8-.8 1.8-1.8 1.8z"
      />
    </svg>
  </div>
</button>
`;
